// Vitest Snapshot v1, https://vitest.dev/guide/snapshot.html

exports[`Content Header > should match the snapshot 1`] = `
<div>
  <header
    class="sc-hvigdm gMUCoZ"
  >
    <span
      class="sc-dTvVRJ cBLNAf card-title"
      data-class="card-title"
    >
      title
    </span>
    <span
      class="sc-jwTyAe jKsabi card-sub-title card-subtitle"
    >
      content
    </span>
  </header>
</div>
`;
