// Vitest Snapshot v1, https://vitest.dev/guide/snapshot.html

exports[`ContentFooter > should match snapshot 1`] = `
<div>
  <span
    class="sc-kbUMEY gsCUxU"
    color="#0f52ba"
    duration="0"
    role="progressbar"
    startwidth="300"
  />
  <span
    class="sc-cpKBeH BiOvH"
    dir="up"
    offset="-8"
  />
</div>
`;
