// Vitest Snapshot v1, https://vitest.dev/guide/snapshot.html

exports[`Content Header > should match the snapshot 1`] = `
<div>
  <header
    class="timeline-card-contentstyles__TimelineCardHeader-sc-d7qjm1-1 WRRcN"
  >
    <span
      class="timeline-card-contentstyles__CardTitleSemantic-sc-d7qjm1-4 ipmLzt card-title"
      data-class="card-title"
    >
      title
    </span>
    <span
      class="timeline-card-contentstyles__CardSubTitleSemantic-sc-d7qjm1-5 jpdaVz card-sub-title card-subtitle"
    >
      content
    </span>
  </header>
</div>
`;
