// Vitest Snapshot v1, https://vitest.dev/guide/snapshot.html

exports[`TimelineControl > should render 1`] = `
<div>
  <div
    class="timeline-control_timelineControlContainer__1g3kfsdk timeline-control__1g3kfsdj properties_marginBlock_sm_mobile__12ug04936 properties_display_flex_mobile__12ug0496 properties_alignItems_center_mobile__12ug049r properties_justifyContent_center_mobile__12ug04913"
    style="--color-background__9df7601: #ffffff; --color-text__9df7600: #000; --color-primary__9df7602: #0f52ba; --color-muted__9df7603: #6b7280; --color-cardBg__9df7604: #ffffff; --color-cardTitle__9df7605: #000; --color-cardSubtitle__9df7606: #000; --color-cardDetails__9df7607: #000; --color-toolbarBg__9df7608: #ffffff; --color-toolbarBtnBg__9df7609: #0f52ba; --color-toolbarText__9df760a: #000; --color-icon__9df760b: #007FFF; --color-buttonBorder__9df760c: #e2e8f0; --color-buttonHoverBorder__9df760d: #007FFF; --color-buttonHoverBg__9df760e: #e2e8f0; --color-buttonActiveBg__9df760f: #007FFF; --color-shadow__9df760g: rgba(0, 0, 0, 0.1); --timeline-bg-color: #ffffff; --timeline-text-color: #000; --timeline-primary-color: #0f52ba; --timeline-card-bg-color: #ffffff; --timeline-muted-color: #6b7280; --timeline-toolbar-bg-color: #ffffff; --timeline-shadow-color: rgba(0, 0, 0, 0.1);"
  >
    <output
      aria-live="polite"
      class="a11y_visuallyHidden__1j3zf2m0"
    />
    <div
      aria-label="Timeline Navigation"
      class="timeline-control_navWrapper__1g3kfsd1 timeline-control__1g3kfsd0 properties_display_flex_mobile__12ug0496 properties_alignItems_center_mobile__12ug049r timeline-controls controls"
      role="toolbar"
    >
      <div
        class="timeline-control_navItem__1g3kfsd3 timeline-control__1g3kfsd2 properties_display_flex_mobile__12ug0496 properties_alignItems_center_mobile__12ug049r properties_justifyContent_center_mobile__12ug04913"
      >
        <button
          aria-controls="timeline-main-wrapper"
          aria-disabled="false"
          aria-label="first"
          class="timeline-control_navButton__1g3kfsd5 timeline-control_navButtonHover__1g3kfsd7 timeline-control_navButtonActive__1g3kfsd8 timeline-control_navButtonFocus__1g3kfsd9"
          data-test-id="jump-to-first"
          tabindex="0"
          title="first"
        >
          <span
            class="timeline-control_navButtonSvg__1g3kfsda"
          >
            <svg
              class="feather feather-chevrons-left"
              fill="none"
              height="24"
              stroke="currentColor"
              stroke-linecap="round"
              stroke-linejoin="round"
              stroke-width="2"
              viewBox="0 0 24 24"
              width="24"
              xmlns="http://www.w3.org/2000/svg"
            >
              <polyline
                points="11 17 6 12 11 7"
              />
              <polyline
                points="18 17 13 12 18 7"
              />
            </svg>
          </span>
        </button>
      </div>
      <div
        class="timeline-control_navItem__1g3kfsd3 timeline-control__1g3kfsd2 properties_display_flex_mobile__12ug0496 properties_alignItems_center_mobile__12ug049r properties_justifyContent_center_mobile__12ug04913"
      >
        <button
          aria-controls="timeline-main-wrapper"
          aria-disabled="false"
          aria-label="previous"
          class="timeline-control_navButton__1g3kfsd5 timeline-control_navButtonHover__1g3kfsd7 timeline-control_navButtonActive__1g3kfsd8 timeline-control_navButtonFocus__1g3kfsd9"
          data-test-id="previous"
          tabindex="0"
          title="previous"
        >
          <span
            class="timeline-control_navButtonSvg__1g3kfsda"
          >
            <svg
              fill="none"
              height="24"
              stroke="currentColor"
              stroke-linecap="round"
              stroke-linejoin="round"
              stroke-width="2"
              style="display: block; width: 100%; height: 100%;"
              viewBox="0 0 24 24"
              width="24"
              xmlns="http://www.w3.org/2000/svg"
            >
              <polyline
                points="15 18 9 12 15 6"
              />
            </svg>
          </span>
        </button>
      </div>
      <div
        class="timeline-control_navItem__1g3kfsd3 timeline-control__1g3kfsd2 properties_display_flex_mobile__12ug0496 properties_alignItems_center_mobile__12ug049r properties_justifyContent_center_mobile__12ug04913"
      >
        <button
          aria-controls="timeline-main-wrapper"
          aria-disabled="false"
          aria-label="next"
          class="timeline-control_navButton__1g3kfsd5 timeline-control_navButtonHover__1g3kfsd7 timeline-control_navButtonActive__1g3kfsd8 timeline-control_navButtonFocus__1g3kfsd9"
          data-test-id="next"
          tabindex="0"
          title="next"
        >
          <span
            class="timeline-control_navButtonSvg__1g3kfsda"
          >
            <svg
              fill="none"
              height="24"
              stroke="currentColor"
              stroke-linecap="round"
              stroke-linejoin="round"
              stroke-width="2"
              style="display: block; width: 100%; height: 100%;"
              viewBox="0 0 24 24"
              width="24"
              xmlns="http://www.w3.org/2000/svg"
            >
              <polyline
                points="9 18 15 12 9 6"
              />
            </svg>
          </span>
        </button>
      </div>
      <div
        class="timeline-control_navItem__1g3kfsd3 timeline-control__1g3kfsd2 properties_display_flex_mobile__12ug0496 properties_alignItems_center_mobile__12ug049r properties_justifyContent_center_mobile__12ug04913"
      >
        <button
          aria-controls="timeline-main-wrapper"
          aria-disabled="false"
          aria-label="last"
          class="timeline-control_navButton__1g3kfsd5 timeline-control_navButtonHover__1g3kfsd7 timeline-control_navButtonActive__1g3kfsd8 timeline-control_navButtonFocus__1g3kfsd9"
          data-test-id="jump-to-last"
          tabindex="0"
          title="last"
        >
          <span
            class="timeline-control_navButtonSvg__1g3kfsda"
          >
            <svg
              class="feather feather-chevrons-right"
              fill="none"
              height="24"
              stroke="currentColor"
              stroke-linecap="round"
              stroke-linejoin="round"
              stroke-width="2"
              viewBox="0 0 24 24"
              width="24"
              xmlns="http://www.w3.org/2000/svg"
            >
              <polyline
                points="13 17 18 12 13 7"
              />
              <polyline
                points="6 17 11 12 6 7"
              />
            </svg>
          </span>
        </button>
      </div>
      <div
        class="timeline-control_navItem__1g3kfsd3 timeline-control__1g3kfsd2 properties_display_flex_mobile__12ug0496 properties_alignItems_center_mobile__12ug049r properties_justifyContent_center_mobile__12ug04913"
      />
      <div
        class="timeline-control_navItem__1g3kfsd3 timeline-control__1g3kfsd2 properties_display_flex_mobile__12ug0496 properties_alignItems_center_mobile__12ug049r properties_justifyContent_center_mobile__12ug04913"
      >
        <button
          aria-controls="timeline-main-wrapper"
          aria-label="dark"
          aria-pressed="false"
          class="timeline-control_navButton__1g3kfsd5 timeline-control_navButtonHover__1g3kfsd7 timeline-control_navButtonActive__1g3kfsd8 timeline-control_navButtonFocus__1g3kfsd9"
          data-test-id="dark-toggle"
          tabindex="0"
          title="dark"
        >
          <span
            class="timeline-control_navButtonSvg__1g3kfsda"
          >
            <svg
              class="feather feather-moon"
              data-testid="moon-icon"
              fill="none"
              height="24"
              stroke="currentColor"
              stroke-linecap="round"
              stroke-linejoin="round"
              stroke-width="2"
              viewBox="0 0 24 24"
              width="24"
              xmlns="http://www.w3.org/2000/svg"
            >
              <path
                d="M21 12.79A9 9 0 1 1 11.21 3 7 7 0 0 0 21 12.79z"
              />
            </svg>
          </span>
        </button>
      </div>
    </div>
  </div>
</div>
`;
