// Vitest Snapshot v1, https://vitest.dev/guide/snapshot.html

exports[`Timeline item title > should match the snapshot 1`] = `
<div>
  <div
    class="timeline-item-title timeline-card-content_cardTitleRecipe__chzdno8 timeline-card-content_cardTitleBase__chzdno5 recipes_text__etntiu2h recipes_text_variant_h2__etntiu2j recipes__etntiu2a sprinkles_fontSize_heading2_mobile__1v4ezef8x sprinkles_fontWeight_semibold_mobile__1v4ezef9u recipes_text_color_primary__etntiu2n recipes_text_align_left__etntiu2s recipes__etntiu2e sprinkles_textAlign_left_mobile__1v4ezefa0 recipes_text_truncate_false__etntiu2w timeline-card-content_cardTitleRecipe_active_false__chzdnoa timeline-card-title_titleWrapper__1m05k8t1 timeline-card-title__1m05k8t0 sprinkles_paddingX_xs_mobile__1v4ezef3f sprinkles_paddingY_xs_mobile__1v4ezef40"
    data-ve-active-class="timeline-card-title_titleActive__1m05k8t2"
    data-ve-class="timeline-card-title_titleWrapper__1m05k8t1 timeline-card-title__1m05k8t0 sprinkles_paddingX_xs_mobile__1v4ezef3f sprinkles_paddingY_xs_mobile__1v4ezef40"
    style="visibility: visible;"
  >
    title
  </div>
</div>
`;
