// Jest Snapshot v1, https://goo.gl/fbAQLP

exports[`Test Collection Horizontal render 1`] = `
<ul
  class="horizontal timeline-horz-container css-8j3kj5"
  data-testid="timeline-collection"
>
  <li
    class="timeline-horz-item-container css-gaxs3r"
    width="200"
  >
    <div
      class="css-u5v0fr"
      data-testid="timeline-item"
    >
      <div
        class="css-1teztjd"
      >
        <div
          aria-label="June 28, 1914 June 28, 1914 June 28, 1914June 28, 1914"
          class="timeline-circle in-active css-1hf8j5"
          data-testid="timeline-circle"
        />
      </div>
      <div
        class=" css-1v2vum0"
        data-testid="timeline-title"
      >
        <div
          class="timeline-item-title css-1fveydr"
        >
          June 28, 1914 June 28, 1914 June 28, 1914June 28, 1914
        </div>
      </div>
    </div>
  </li>
  <li
    class="timeline-horz-item-container css-gaxs3r"
    width="200"
  >
    <div
      class="css-u5v0fr"
      data-testid="timeline-item"
    >
      <div
        class="css-1teztjd"
      >
        <div
          aria-label="July 28, 1914"
          class="timeline-circle in-active css-1hf8j5"
          data-testid="timeline-circle"
        />
      </div>
      <div
        class=" css-1v2vum0"
        data-testid="timeline-title"
      >
        <div
          class="timeline-item-title css-1fveydr"
        >
          July 28, 1914
        </div>
      </div>
    </div>
  </li>
  <li
    class="timeline-horz-item-container css-gaxs3r"
    width="200"
  >
    <div
      class="css-u5v0fr"
      data-testid="timeline-item"
    >
      <div
        class="css-1teztjd"
      >
        <div
          aria-label="August 1–28, 1914"
          class="timeline-circle in-active css-1hf8j5"
          data-testid="timeline-circle"
        />
      </div>
      <div
        class=" css-1v2vum0"
        data-testid="timeline-title"
      >
        <div
          class="timeline-item-title css-1fveydr"
        >
          August 1–28, 1914
        </div>
      </div>
    </div>
  </li>
  <li
    class="timeline-horz-item-container css-gaxs3r"
    width="200"
  >
    <div
      class="css-u5v0fr"
      data-testid="timeline-item"
    >
      <div
        class="css-1teztjd"
      >
        <div
          aria-label="September 6, 1914"
          class="timeline-circle in-active css-1hf8j5"
          data-testid="timeline-circle"
        />
      </div>
      <div
        class=" css-1v2vum0"
        data-testid="timeline-title"
      >
        <div
          class="timeline-item-title css-1fveydr"
        >
          September 6, 1914
        </div>
      </div>
    </div>
  </li>
</ul>
`;

exports[`Test Collection Tree render 1`] = `
<ul
  class="horizontal timeline-horz-container css-8j3kj5"
  data-testid="timeline-collection"
>
  <li
    class="timeline-horz-item-container css-gaxs3r"
    width="200"
  >
    <div
      class="css-u5v0fr"
      data-testid="timeline-item"
    >
      <div
        class="css-1teztjd"
      >
        <div
          aria-label="June 28, 1914 June 28, 1914 June 28, 1914June 28, 1914"
          class="timeline-circle in-active css-1hf8j5"
          data-testid="timeline-circle"
        />
      </div>
      <div
        class=" css-1v2vum0"
        data-testid="timeline-title"
      >
        <div
          class="timeline-item-title css-1fveydr"
        >
          June 28, 1914 June 28, 1914 June 28, 1914June 28, 1914
        </div>
      </div>
    </div>
  </li>
  <li
    class="timeline-horz-item-container css-gaxs3r"
    width="200"
  >
    <div
      class="css-u5v0fr"
      data-testid="timeline-item"
    >
      <div
        class="css-1teztjd"
      >
        <div
          aria-label="July 28, 1914"
          class="timeline-circle in-active css-1hf8j5"
          data-testid="timeline-circle"
        />
      </div>
      <div
        class=" css-1v2vum0"
        data-testid="timeline-title"
      >
        <div
          class="timeline-item-title css-1fveydr"
        >
          July 28, 1914
        </div>
      </div>
    </div>
  </li>
  <li
    class="timeline-horz-item-container css-gaxs3r"
    width="200"
  >
    <div
      class="css-u5v0fr"
      data-testid="timeline-item"
    >
      <div
        class="css-1teztjd"
      >
        <div
          aria-label="August 1–28, 1914"
          class="timeline-circle in-active css-1hf8j5"
          data-testid="timeline-circle"
        />
      </div>
      <div
        class=" css-1v2vum0"
        data-testid="timeline-title"
      >
        <div
          class="timeline-item-title css-1fveydr"
        >
          August 1–28, 1914
        </div>
      </div>
    </div>
  </li>
  <li
    class="timeline-horz-item-container css-gaxs3r"
    width="200"
  >
    <div
      class="css-u5v0fr"
      data-testid="timeline-item"
    >
      <div
        class="css-1teztjd"
      >
        <div
          aria-label="September 6, 1914"
          class="timeline-circle in-active css-1hf8j5"
          data-testid="timeline-circle"
        />
      </div>
      <div
        class=" css-1v2vum0"
        data-testid="timeline-title"
      >
        <div
          class="timeline-item-title css-1fveydr"
        >
          September 6, 1914
        </div>
      </div>
    </div>
  </li>
</ul>
`;

exports[`Test Collection Vertical render 1`] = `
<ul
  class="horizontal timeline-horz-container css-8j3kj5"
  data-testid="timeline-collection"
>
  <li
    class="timeline-horz-item-container css-gaxs3r"
    width="200"
  >
    <div
      class="css-u5v0fr"
      data-testid="timeline-item"
    >
      <div
        class="css-1teztjd"
      >
        <div
          aria-label="June 28, 1914 June 28, 1914 June 28, 1914June 28, 1914"
          class="timeline-circle in-active css-1hf8j5"
          data-testid="timeline-circle"
        />
      </div>
      <div
        class=" css-1v2vum0"
        data-testid="timeline-title"
      >
        <div
          class="timeline-item-title css-1fveydr"
        >
          June 28, 1914 June 28, 1914 June 28, 1914June 28, 1914
        </div>
      </div>
    </div>
  </li>
  <li
    class="timeline-horz-item-container css-gaxs3r"
    width="200"
  >
    <div
      class="css-u5v0fr"
      data-testid="timeline-item"
    >
      <div
        class="css-1teztjd"
      >
        <div
          aria-label="July 28, 1914"
          class="timeline-circle in-active css-1hf8j5"
          data-testid="timeline-circle"
        />
      </div>
      <div
        class=" css-1v2vum0"
        data-testid="timeline-title"
      >
        <div
          class="timeline-item-title css-1fveydr"
        >
          July 28, 1914
        </div>
      </div>
    </div>
  </li>
  <li
    class="timeline-horz-item-container css-gaxs3r"
    width="200"
  >
    <div
      class="css-u5v0fr"
      data-testid="timeline-item"
    >
      <div
        class="css-1teztjd"
      >
        <div
          aria-label="August 1–28, 1914"
          class="timeline-circle in-active css-1hf8j5"
          data-testid="timeline-circle"
        />
      </div>
      <div
        class=" css-1v2vum0"
        data-testid="timeline-title"
      >
        <div
          class="timeline-item-title css-1fveydr"
        >
          August 1–28, 1914
        </div>
      </div>
    </div>
  </li>
  <li
    class="timeline-horz-item-container css-gaxs3r"
    width="200"
  >
    <div
      class="css-u5v0fr"
      data-testid="timeline-item"
    >
      <div
        class="css-1teztjd"
      >
        <div
          aria-label="September 6, 1914"
          class="timeline-circle in-active css-1hf8j5"
          data-testid="timeline-circle"
        />
      </div>
      <div
        class=" css-1v2vum0"
        data-testid="timeline-title"
      >
        <div
          class="timeline-item-title css-1fveydr"
        >
          September 6, 1914
        </div>
      </div>
    </div>
  </li>
</ul>
`;
