// Vitest Snapshot v1, https://vitest.dev/guide/snapshot.html

exports[`Timeline vertical item > Should match snapshot 1`] = `
<div>
  <div
    class="sc-jCDGFz kKXlMG  vertical-item-row"
    data-testid="vertical-item-row"
    role="listitem"
  >
    <div
      class="sc-dAOort cGVuvd"
      mode="VERTICAL_ALTERNATING"
    >
      <div
        align="right"
        class="sc-dMnqAs dkJdMt timeline-item-title title"
        font-size="1.5rem"
      >
        vertical item title
      </div>
    </div>
    <div
      class="sc-imALrc kKuJgq card-content-wrapper "
    >
      <section
        branchdir=""
        class="sc-jgCDkn cdWCYT timeline-card-content  card"
        mode="VERTICAL_ALTERNATING"
        slideshowtype="reveal"
        tabindex="0"
      >
        <div
          cardheight="200"
          class="sc-knlTvX hwcjjM card-media-wrapper card-media"
          mode="VERTICAL_ALTERNATING"
        >
          <div
            class="sc-kXmcna ecwpfR"
            height="200"
          >
            <img
              class="sc-hcKobq cQveMv"
              loading="lazy"
              mode="VERTICAL_ALTERNATING"
              role="img"
              src="https://www.google.com/images/branding/googlelogo/2x/googlelogo_color_272x92dp.png"
            />
          </div>
        </div>
        <div
          aria-expanded="false"
          cardheight="0"
          class="sc-ioBKGh eohWLB show-less card-description card-text"
          contentheight="0"
        />
        <span
          class="sc-ihaCbp ghvcOd"
          dir=""
          offset="-8"
        />
      </section>
    </div>
    <div
      bg="#0f52ba"
      class="sc-feljdJ eDSdGf"
      data-testid="tree-leaf"
      role="button"
    >
      <div
        aria-label="select timeline"
        class="sc-cwJkiU fJYfCz  timeline-vertical-circle"
        data-testid="tree-leaf-click"
        role="button"
      >
        <div
          class="sc-hdxXtv gdRHrw"
          dimension="16"
          timelinepointshape="circle"
        />
      </div>
    </div>
  </div>
</div>
`;
