// Jest Snapshot v1, https://goo.gl/fbAQLP

exports[`Check Timeline Leaf snapshot 1`] = `
<div
  class="random-class css-ey985k"
  data-testid="tree-leaf"
>
  <div
    class="random-class css-kooiip"
    data-testid="tree-leaf-click"
  >
    <div
      class="in-active css-1yzc5y5"
    />
  </div>
</div>
`;
