// Jest Snapshot v1, https://goo.gl/fbAQLP

exports[`Check Timeline Leaf snapshot 1`] = `
<div
  class="random-class css-zp8e37"
  data-testid="tree-leaf"
  role="button"
>
  <div
    aria-label="select timeline"
    class="random-class timeline-vertical-circle css-kooiip"
    data-testid="tree-leaf-click"
    role="button"
  >
    <div
      class=" css-1hf8j5"
    />
  </div>
</div>
`;
