// Jest Snapshot v1, https://goo.gl/fbAQLP

exports[`Test tree branch render 1`] = `
<div
  class="test-class  vertical-item-row css-1e6jkft"
  data-testid="vertical-item-row"
  role="listitem"
>
  <div
    class="test-class css-14hjzcx"
  >
    <div
      class="timeline-item-title active css-1i2f2mb"
    >
      branch title
    </div>
  </div>
  <div
    class="test-class card-content-wrapper  css-1g8c3yv"
  >
    <section
      class="timeline-card-content active css-sx2voi"
      tabindex="0"
    >
      <header
        class="css-1ago99h"
      >
        <p
          class="card-sub-title css-4qf4pr"
        >
          Tree branch test
        </p>
      </header>
      <div
        class="show-less card-description css-1ikiehq"
      />
      <span
        class="show-more css-1x1ed2e"
        role="button"
        tabindex="0"
      >
        <span>
          read more
        </span>
        <span
          class="css-22j6j0"
        >
          <svg
            class="feather feather-chevron-right"
            fill="none"
            height="24"
            stroke="currentColor"
            stroke-linecap="round"
            stroke-linejoin="round"
            stroke-width="2"
            viewBox="0 0 24 24"
            width="24"
            xmlns="http://www.w3.org/2000/svg"
          >
            <polyline
              points="9 18 15 12 9 6"
            />
          </svg>
        </span>
      </span>
    </section>
  </div>
  <div
    class="test-class css-n24itb"
    data-testid="tree-leaf"
    role="button"
  >
    <div
      aria-label="select timeline"
      class="test-class css-kooiip"
      data-testid="tree-leaf-click"
      role="button"
    >
      <div
        class="active css-10jefxi"
      />
    </div>
  </div>
</div>
`;
