// Vitest Snapshot v1, https://vitest.dev/guide/snapshot.html

exports[`Timeline vertical item > Should match snapshot 1`] = `
<div>
  <li
    class="sc-cMqPwU eVXjLD vertical-item-row"
    data-testid="vertical-item-row"
  >
    <div
      class="sc-deSjom gLvTFy"
      mode="VERTICAL_ALTERNATING"
    >
      <div
        align="right"
        class="sc-FEMpB bYdRfA timeline-item-title title"
      >
        vertical item title
      </div>
    </div>
    <div
      class="sc-jUkaYT cBVweA card-content-wrapper"
    >
      <section
        class="sc-incsXD hliFPP timeline-card-content  card"
        data-testid="timeline-card-content"
        mode="VERTICAL_ALTERNATING"
        tabindex="0"
      >
        <div
          class="sc-gtlvkJ StnpJ card-media-wrapper card-media"
          mode="VERTICAL_ALTERNATING"
        >
          <div
            class="sc-sediK bcrNJD"
            height="200"
          >
            <img
              class="sc-beKSRx evdJKN"
              data-testid="timeline-card-content-image"
              height="auto"
              loading="lazy"
              mode="VERTICAL_ALTERNATING"
              src="https://www.google.com/images/branding/googlelogo/2x/googlelogo_color_272x92dp.png"
              width="100%"
            />
          </div>
        </div>
        <div
          class="sc-bxmmIP cpcro"
          mode="VERTICAL_ALTERNATING"
        >
          <div
            class="sc-hhvUTr jDRGTb"
          />
        </div>
        <div
          aria-expanded="false"
          class="sc-ienWRC ikidru show-less card-description card-text"
        />
        <span
          class="sc-gBIzgl ehtLCz"
          dir=""
          offset="-8"
        />
      </section>
    </div>
    <div
      bg="#0f52ba"
      class="sc-cHtFsA cloST"
      data-testid="tree-leaf"
    >
      <button
        aria-label="Timeline Point"
        class="sc-keRagD bksbDM  timeline-vertical-circle"
        data-testid="tree-leaf-click"
      >
        <div
          class="sc-dycHyt bFKXBa"
          dimension="16"
        />
      </button>
    </div>
  </li>
</div>
`;
