// Jest Snapshot v1, https://goo.gl/fbAQLP

exports[`Test Tree render 1`] = `
<div
  class="sc-jrsJCI bDPuPE"
  data-testid="tree-main"
>
  <div
    class="sc-kEqYlL lbyWlm left  branch-main"
    data-testid="branch-main"
  >
    <div
      class="sc-bqGHjH gFGBHt left"
    >
      <div
        class="sc-pNWxx enbFGE"
        title="June 28, 1914 June 28, 1914 June 28, 1914June 28, 1914"
      >
        June 28, 1914 June 28, 1914 June 28, 1914June 28, 1914
      </div>
    </div>
    <div
      class="sc-crzoUp eMKTxY left "
    >
      <div
        class="sc-bdnylx hCfMCf"
      >
        <span
          class="sc-gtssRu gtPOxj"
        >
          Archduke Franz Ferdinand of Austria and his wife, Sophie, are assassinated by a Bosnian Serb nationalist in Sarajevo.
        </span>
        <div
          class="sc-eCApGN jmcrwE show-less"
        />
        <span
          class="sc-jSFkmK fWqWpN show-more"
          role="button"
        >
          ...
        </span>
      </div>
    </div>
    <div
      class="sc-iqAbSa jbmaIk left"
      data-testid="tree-leaf"
    >
      <div
        class="sc-dIsAE fUZNng left"
        data-testid="tree-leaf-click"
      >
        <div
          class="sc-fFSRdu cjFqWk in-active"
        />
      </div>
    </div>
  </div>
  <div
    class="sc-kEqYlL lbyWlm right  branch-main"
    data-testid="branch-main"
  >
    <div
      class="sc-bqGHjH gFGBHt right"
    >
      <div
        class="sc-pNWxx enbFGE"
        title="July 28, 1914"
      >
        July 28, 1914
      </div>
    </div>
    <div
      class="sc-crzoUp eMKTxY right "
    >
      <div
        class="sc-bdnylx hCfMCf"
      >
        <span
          class="sc-gtssRu gtPOxj"
        >
          World War I begins when Austria-Hungary declares war on Serbia.
        </span>
        <div
          class="sc-eCApGN jmcrwE show-less"
        />
        <span
          class="sc-jSFkmK fWqWpN show-more"
          role="button"
        >
          ...
        </span>
      </div>
    </div>
    <div
      class="sc-iqAbSa jbmaIk right"
      data-testid="tree-leaf"
    >
      <div
        class="sc-dIsAE fUZNng right"
        data-testid="tree-leaf-click"
      >
        <div
          class="sc-fFSRdu cjFqWk in-active"
        />
      </div>
    </div>
  </div>
  <div
    class="sc-kEqYlL lbyWlm left  branch-main"
    data-testid="branch-main"
  >
    <div
      class="sc-bqGHjH gFGBHt left"
    >
      <div
        class="sc-pNWxx enbFGE"
        title="August 1–28, 1914"
      >
        August 1–28, 1914
      </div>
    </div>
    <div
      class="sc-crzoUp eMKTxY left "
    >
      <div
        class="sc-bdnylx hCfMCf"
      >
        <span
          class="sc-gtssRu gtPOxj"
        >
          Germany declares war on Russia, France, and Belgium. Britain declares war on Germany.
    Austria declares war on Russia. Montenegro declares war on Austria. France declares war on Austria.
    Britain declares war on Austria. Montenegro declares war on Germany. Japan declares war on Germany. Austria declares war on Belgium.
        </span>
        <div
          class="sc-eCApGN jmcrwE show-less"
        />
        <span
          class="sc-jSFkmK fWqWpN show-more"
          role="button"
        >
          ...
        </span>
      </div>
    </div>
    <div
      class="sc-iqAbSa jbmaIk left"
      data-testid="tree-leaf"
    >
      <div
        class="sc-dIsAE fUZNng left"
        data-testid="tree-leaf-click"
      >
        <div
          class="sc-fFSRdu cjFqWk in-active"
        />
      </div>
    </div>
  </div>
  <div
    class="sc-kEqYlL lbyWlm right  branch-main"
    data-testid="branch-main"
  >
    <div
      class="sc-bqGHjH gFGBHt right"
    >
      <div
        class="sc-pNWxx enbFGE"
        title="September 6, 1914"
      >
        September 6, 1914
      </div>
    </div>
    <div
      class="sc-crzoUp eMKTxY right "
    >
      <div
        class="sc-bdnylx hCfMCf"
      >
        <span
          class="sc-gtssRu gtPOxj"
        >
          First Battle of the Marne begins. The Germans had advanced to within 30 miles of Paris, but over the next two days, the French are reinforced by 6,000 infantrymen who are transported to the front by hundreds of taxis.
      The Germans dig in north of the Aisne River, and the trench warfare that is to typify the Western Front for the next four years begins.
        </span>
        <div
          class="sc-eCApGN jmcrwE show-less"
        />
        <span
          class="sc-jSFkmK fWqWpN show-more"
          role="button"
        >
          ...
        </span>
      </div>
    </div>
    <div
      class="sc-iqAbSa jbmaIk right"
      data-testid="tree-leaf"
    >
      <div
        class="sc-dIsAE fUZNng right"
        data-testid="tree-leaf-click"
      >
        <div
          class="sc-fFSRdu cjFqWk in-active"
        />
      </div>
    </div>
  </div>
</div>
`;
