// Jest Snapshot v1, https://goo.gl/fbAQLP

exports[`Test tree branch render 1`] = `
<div
  class="test-class  branch-main css-1uu8hqk"
  data-testid="branch-main"
>
  <div
    class="test-class css-mfd0wg"
  >
    <div
      class="active css-1w5m28t"
      title="branch title"
    >
      branch title
    </div>
  </div>
  <div
    class="test-class  css-efrj35"
  >
    <div
      class="active css-1a8fhdt"
    >
      <span
        class="css-4hae14"
      >
        Tree branch test
      </span>
      <div
        class="show-less css-hrwi5d"
      />
      <span
        class="show-more css-1rml49d"
        role="button"
      >
        show more
      </span>
    </div>
  </div>
  <div
    class="test-class css-ey985k"
    data-testid="tree-leaf"
  >
    <div
      class="test-class css-kooiip"
      data-testid="tree-leaf-click"
    >
      <div
        class="active css-1a01u17"
      />
    </div>
  </div>
</div>
`;
