// Jest Snapshot v1, https://goo.gl/fbAQLP

exports[`Test tree branch render 1`] = `
<div
  class="sc-kEqYlL lbyWlm test-class  branch-main"
  data-testid="branch-main"
>
  <div
    class="sc-bqGHjH fRFnNw test-class"
  >
    <div
      class="sc-pNWxx enbFGE active"
      title="branch title"
    >
      branch title
    </div>
  </div>
  <div
    class="sc-crzoUp krcsJK test-class "
  >
    <div
      class="sc-bdnylx hCfMCf active"
    >
      <span
        class="sc-gtssRu gtPOxj"
      >
        Tree branch test
      </span>
      <div
        class="sc-eCApGN jmcrwE show-less"
      />
      <span
        class="sc-jSFkmK fWqWpN show-more"
        role="button"
      >
        show more
      </span>
    </div>
  </div>
  <div
    class="sc-iqAbSa jbmaIk test-class"
    data-testid="tree-leaf"
  >
    <div
      class="sc-dIsAE fUZNng test-class"
      data-testid="tree-leaf-click"
    >
      <div
        class="sc-fFSRdu cjFqWk active"
      />
    </div>
  </div>
</div>
`;
