// Jest Snapshot v1, https://goo.gl/fbAQLP

exports[`Check Timeline Leaf snapshot 1`] = `
<div
  class="sc-dlnjPT brwYVh random-class"
  data-testid="tree-leaf"
>
  <div
    class="sc-eCApGN jJBnsg random-class"
    data-testid="tree-leaf-click"
  >
    <div
      class="sc-pNWxx bjEnvF in-active"
    />
  </div>
</div>
`;
