// Jest Snapshot v1, https://goo.gl/fbAQLP

exports[`Test Tree render 1`] = `
<div
  class="css-15px0b4"
  data-testid="tree-main"
>
  <div
    class="left  branch-main css-1uu8hqk"
    data-testid="branch-main"
  >
    <div
      class="left css-2zvd49"
    >
      <div
        class=" css-x77ob3"
        title="June 28, 1914 June 28, 1914 June 28, 1914June 28, 1914"
      >
        June 28, 1914 June 28, 1914 June 28, 1914June 28, 1914
      </div>
    </div>
    <div
      class="left  css-168aum8"
    >
      <div
        class=" css-12jyub2"
      >
        <span
          class="css-c1e5f8"
        >
          Archduke Franz Ferdinand of Austria and his wife, Sophie, are assassinated by a Bosnian Serb nationalist in Sarajevo.
        </span>
        <div
          class="show-less css-or8e72"
        />
        <span
          class="show-more css-fb75q5"
          role="button"
        >
          ...
        </span>
      </div>
    </div>
    <div
      class="left css-ey985k"
      data-testid="tree-leaf"
    >
      <div
        class="left css-kooiip"
        data-testid="tree-leaf-click"
      >
        <div
          class="in-active css-1yzc5y5"
        />
      </div>
    </div>
  </div>
  <div
    class="right  branch-main css-1uu8hqk"
    data-testid="branch-main"
  >
    <div
      class="right css-2zvd49"
    >
      <div
        class=" css-x77ob3"
        title="July 28, 1914"
      >
        July 28, 1914
      </div>
    </div>
    <div
      class="right  css-168aum8"
    >
      <div
        class=" css-12jyub2"
      >
        <span
          class="css-c1e5f8"
        >
          World War I begins when Austria-Hungary declares war on Serbia.
        </span>
        <div
          class="show-less css-or8e72"
        />
        <span
          class="show-more css-fb75q5"
          role="button"
        >
          ...
        </span>
      </div>
    </div>
    <div
      class="right css-ey985k"
      data-testid="tree-leaf"
    >
      <div
        class="right css-kooiip"
        data-testid="tree-leaf-click"
      >
        <div
          class="in-active css-1yzc5y5"
        />
      </div>
    </div>
  </div>
  <div
    class="left  branch-main css-1uu8hqk"
    data-testid="branch-main"
  >
    <div
      class="left css-2zvd49"
    >
      <div
        class=" css-x77ob3"
        title="August 1–28, 1914"
      >
        August 1–28, 1914
      </div>
    </div>
    <div
      class="left  css-168aum8"
    >
      <div
        class=" css-12jyub2"
      >
        <span
          class="css-c1e5f8"
        >
          Germany declares war on Russia, France, and Belgium. Britain declares war on Germany.
    Austria declares war on Russia. Montenegro declares war on Austria. France declares war on Austria.
    Britain declares war on Austria. Montenegro declares war on Germany. Japan declares war on Germany. Austria declares war on Belgium.
        </span>
        <div
          class="show-less css-or8e72"
        />
        <span
          class="show-more css-fb75q5"
          role="button"
        >
          ...
        </span>
      </div>
    </div>
    <div
      class="left css-ey985k"
      data-testid="tree-leaf"
    >
      <div
        class="left css-kooiip"
        data-testid="tree-leaf-click"
      >
        <div
          class="in-active css-1yzc5y5"
        />
      </div>
    </div>
  </div>
  <div
    class="right  branch-main css-1uu8hqk"
    data-testid="branch-main"
  >
    <div
      class="right css-2zvd49"
    >
      <div
        class=" css-x77ob3"
        title="September 6, 1914"
      >
        September 6, 1914
      </div>
    </div>
    <div
      class="right  css-168aum8"
    >
      <div
        class=" css-12jyub2"
      >
        <span
          class="css-c1e5f8"
        >
          First Battle of the Marne begins. The Germans had advanced to within 30 miles of Paris, but over the next two days, the French are reinforced by 6,000 infantrymen who are transported to the front by hundreds of taxis.
      The Germans dig in north of the Aisne River, and the trench warfare that is to typify the Western Front for the next four years begins.
        </span>
        <div
          class="show-less css-or8e72"
        />
        <span
          class="show-more css-fb75q5"
          role="button"
        >
          ...
        </span>
      </div>
    </div>
    <div
      class="right css-ey985k"
      data-testid="tree-leaf"
    >
      <div
        class="right css-kooiip"
        data-testid="tree-leaf-click"
      >
        <div
          class="in-active css-1yzc5y5"
        />
      </div>
    </div>
  </div>
</div>
`;
