// Vitest Snapshot v1, https://vitest.dev/guide/snapshot.html

exports[`TimelineHorizontalCard > should match the snapshot 1`] = `
<div>
  <div
    class="timeline-horizontal-cardstyles__Wrapper-sc-18iuiou-0 iwEULm vertical_alternating"
    data-testid="timeline-item"
  >
    <div
      class="timeline-horizontal-cardstyles__ShapeWrapper-sc-18iuiou-2 RLVHu"
    >
      <button
        aria-disabled="false"
        aria-label=""
        aria-selected="false"
        class="timeline-horizontal-cardstyles__Shape-sc-18iuiou-3 kjVToh timeline-circle using-icon vertical_alternating active"
        data-testid="timeline-circle"
        dimension="16"
        tabindex="0"
        type="button"
      >
        icon child
      </button>
    </div>
    <div
      class="timeline-horizontal-cardstyles__TimelineTitleContainer-sc-18iuiou-4 hbhxBu vertical_alternating"
      data-testid="timeline-title"
    >
      <div
        class="timeline-card-titlestyles__TitleWrapper-sc-13izrht-0 eDtZUn timeline-item-title active title"
      />
    </div>
  </div>
</div>
`;
