// Jest Snapshot v1, https://goo.gl/fbAQLP

exports[`Test Timeline Item render - Horizontal 1`] = `
<div
  class="css-1sriuo2"
  data-testid="timeline-item"
>
  <div
    class="css-1teztjd"
  >
    <div
      aria-label="test title"
      class="timeline-circle active css-1kmt0kk"
      data-testid="timeline-circle"
    />
  </div>
  <div
    class=" css-1x6zwos"
    data-testid="timeline-title"
  >
    <div
      class="timeline-item-title active css-ia3lzu"
    >
      test title
    </div>
  </div>
</div>
`;

exports[`Test Timeline Item render - Vertical 1`] = `
<div
  class="css-1sriuo2"
  data-testid="timeline-item"
>
  <div
    class="css-1teztjd"
  >
    <div
      aria-label="test title"
      class="timeline-circle active css-1kmt0kk"
      data-testid="timeline-circle"
    />
  </div>
  <div
    class=" css-1x6zwos"
    data-testid="timeline-title"
  >
    <div
      class="timeline-item-title active css-ia3lzu"
    >
      test title
    </div>
  </div>
</div>
`;
