// Vitest Snapshot v1, https://vitest.dev/guide/snapshot.html

exports[`TimelineHorizontalCard > should match the snapshot 1`] = `
<div>
  <div
    class="sc-gjcoXW flOLqY vertical_alternating"
    data-testid="timeline-item"
  >
    <div
      class="sc-fLDLck gtVpfp"
    >
      <button
        aria-disabled="false"
        aria-label=""
        aria-selected="false"
        class="sc-dycHyt kQaHSB timeline-circle using-icon vertical_alternating active"
        data-testid="timeline-circle"
        dimension="16"
        tabindex="0"
        type="button"
      >
        icon child
      </button>
    </div>
    <div
      class="sc-jbAkgO umsEF vertical_alternating"
      data-testid="timeline-title"
    >
      <div
        class="sc-FEMpB fnTuTg timeline-item-title active title"
      />
    </div>
  </div>
</div>
`;
